[WARN] The "pnpm" field in package.json is no longer read by pnpm. The following keys were ignored: "pnpm.overrides". See https://pnpm.io/settings for the new home of each setting.

> modrex-workspace@0.13.0 build E:\GitHub\modrex-purple
> pnpm --dir apps/desktop build


> modrex@0.13.0 build E:\GitHub\modrex-purple\apps\desktop
> tauri build --config src-tauri/tauri.local.conf.json

        Info Looking up installed tauri packages to check mismatched versions...
     Running beforeBuildCommand `pnpm run build-renderer && pnpm run build:pakviewer`

> modrex@0.13.0 build-renderer E:\GitHub\modrex-purple\apps\desktop
> vite build

(!) Your Vite config uses features that are unsupported by `configLoader: 'native'`, which is planned to become the default in a future major version of Vite:
  - JSON import "./package.json" without import attributes (vite.config.ts:7:17). Add `with { type: 'json' }`
Set `VITE_CONFIG_NATIVE_IGNORE_WARNING=true` to suppress this warning.
[36mvite v8.2.0 [32mbuilding client environment for production...[36m[39m
[2K
transforming...Γ£ô 2511 modules transformed.
rendering chunks...
computing gzip size...
out/renderer/index.html                                 0.77 kB Γöé gzip:   0.37 kB
out/renderer/splash.html                                1.79 kB Γöé gzip:   0.65 kB
out/renderer/assets/icon-CGkQU_Zx.png                  13.22 kB
out/renderer/assets/MarkdownContentImpl-C8LL_u4z.css    1.06 kB Γöé gzip:   0.44 kB
out/renderer/assets/splash-CxKrTLN7.css                 1.70 kB Γöé gzip:   0.72 kB
out/renderer/assets/src-B8ghzEzA.css                   49.93 kB Γöé gzip:   9.33 kB
out/renderer/assets/splash-BrpmR8QR.js                  1.07 kB Γöé gzip:   0.57 kB
out/renderer/assets/src-CfUlMjyE.js                   112.86 kB Γöé gzip:  32.50 kB
out/renderer/assets/MarkdownContentImpl-Cgx5ckI3.js   519.15 kB Γöé gzip: 159.22 kB
out/renderer/assets/main-DZdndtPv.js                  629.70 kB Γöé gzip: 181.67 kB

[PLUGIN_TIMINGS] Your build spent significant time in plugins. Here is a breakdown:
  - vite-plugin-svgr (90%)
  - rolldown:vite-resolve (8%)
See https://rolldown.rs/reference/InputOptions.checks#plugintimings for more details.

[plugin builtin:vite-reporter] 
(!) Some chunks are larger than 500 kB after minification. Consider:
- Using dynamic import() to code-split the application
- Use build.rolldownOptions.output.codeSplitting to improve chunking: https://rolldown.rs/reference/OutputOptions.codeSplitting
- Adjust chunk size limit for this warning via build.chunkSizeWarningLimit.
[32mΓ£ô built in 14.34s[39m
> modrex@0.13.0 build:pakviewer E:\GitHub\modrex-purple\apps\desktop
> node scripts/build-pakviewer.mjs

  Determining projects to restore...
  All projects are up-to-date for restore.
  pakviewer -> E:\GitHub\modrex-purple\apps\desktop\pakviewer\bin\Release\net10.0\win-x64\pakviewer.dll
  pakviewer -> E:\GitHub\modrex-purple\apps\desktop\pakviewer\dist\
   Compiling proc-macro2 v1.0.106
   Compiling unicode-ident v1.0.24
   Compiling quote v1.0.46
   Compiling cfg-if v1.0.4
   Compiling serde_core v1.0.229
   Compiling getrandom v0.3.4
   Compiling find-msvc-tools v0.1.9
   Compiling shlex v2.0.1
   Compiling windows-link v0.2.1
   Compiling siphasher v1.0.3
   Compiling fastrand v2.4.1
   Compiling zmij v1.0.21
   Compiling icu_normalizer_data v2.2.0
   Compiling icu_properties_data v2.2.0
   Compiling stable_deref_trait v1.2.1
   Compiling parking_lot_core v0.9.12
   Compiling thiserror v2.0.18
   Compiling phf_shared v0.13.1
   Compiling smallvec v1.15.2
   Compiling memchr v2.8.2
   Compiling num-conv v0.2.2
   Compiling time-core v0.1.9
   Compiling phf_generator v0.13.1
   Compiling serde v1.0.229
   Compiling phf_codegen v0.13.1
   Compiling typeid v1.0.3
   Compiling libc v0.2.186
   Compiling strsim v0.11.1
   Compiling ident_case v1.0.1
   Compiling version_check v0.9.5
   Compiling thiserror v1.0.69
   Compiling litemap v0.8.2
   Compiling itoa v1.0.18
   Compiling writeable v0.6.3
   Compiling erased-serde v0.4.10
   Compiling windows-sys v0.61.2
   Compiling autocfg v1.5.1
   Compiling utf8_iter v1.0.4
   Compiling scopeguard v1.2.0
   Compiling anyhow v1.0.102
   Compiling new_debug_unreachable v1.0.6
   Compiling serde_json v1.0.151
   Compiling jobserver v0.1.34
   Compiling precomputed-hash v0.1.1
   Compiling lock_api v0.4.14
   Compiling getrandom v0.4.2
   Compiling windows_x86_64_msvc v0.52.6
   Compiling winnow v1.0.3
   Compiling toml_writer v1.1.1+spec-1.1.0
   Compiling cc v1.2.64
   Compiling parking_lot v0.12.5
   Compiling ctor-proc-macro v0.0.7
   Compiling log v0.4.33
   Compiling percent-encoding v2.3.2
   Compiling utf-8 v0.7.6
   Compiling dtoa v1.0.11
   Compiling toml_parser v1.1.2+spec-1.1.0
   Compiling string_cache v0.9.0
   Compiling form_urlencoded v1.2.2
   Compiling indexmap v1.9.3
   Compiling tendril v0.5.0
   Compiling syn v2.0.118
   Compiling syn v3.0.3
   Compiling string_cache_codegen v0.6.1
   Compiling dtoa-short v0.3.5
   Compiling generic-array v0.14.7
   Compiling aho-corasick v1.1.4
   Compiling selectors v0.36.1
   Compiling byteorder v1.5.0
   Compiling camino v1.2.4
   Compiling alloc-no-stdlib v2.0.4
   Compiling unic-char-range v0.9.0
   Compiling regex-syntax v0.8.11
   Compiling unic-common v0.9.0
   Compiling web_atoms v0.2.4
   Compiling unic-char-property v0.9.0
   Compiling alloc-stdlib v0.2.4
   Compiling unic-ucd-version v0.9.0
   Compiling servo_arc v0.4.3
   Compiling bit-vec v0.8.0
   Compiling powerfmt v0.2.0
   Compiling deranged v0.5.8
   Compiling bitflags v2.13.0
   Compiling hashbrown v0.12.3
   Compiling fnv v1.0.7
   Compiling semver v1.0.28
   Compiling serde_spanned v1.1.1
   Compiling toml_datetime v1.1.1+spec-1.1.0
   Compiling uuid v1.24.0
   Compiling winapi-util v0.1.11
   Compiling equivalent v1.0.2
   Compiling toml v1.1.2+spec-1.1.0
   Compiling hashbrown v0.17.1
   Compiling schemars v0.8.22
   Compiling rustc-hash v2.1.2
   Compiling cfb v0.7.3
   Compiling same-file v1.0.6
   Compiling bit-set v0.8.0
   Compiling unic-ucd-ident v0.9.0
   Compiling time v0.3.49
   Compiling brotli-decompressor v5.0.3
   Compiling regex-automata v0.4.14
   Compiling quick-xml v0.39.4
   Compiling bytes v1.12.0
   Compiling indexmap v2.14.0
   Compiling dunce v1.0.5
   Compiling dyn-clone v1.0.20
   Compiling base64 v0.22.1
   Compiling foldhash v0.2.0
   Compiling serde-untagged v0.1.9
   Compiling infer v0.19.0
   Compiling walkdir v2.5.0
   Compiling ctor v0.8.0
   Compiling glob v0.3.3
   Compiling serde_derive v1.0.229
   Compiling rustc_version v0.4.1
   Compiling brotli v8.0.4
   Compiling http v1.4.2
   Compiling pin-project-lite v0.2.17
   Compiling crc32fast v1.5.0
   Compiling once_cell v1.21.4
   Compiling vswhom-sys v0.1.3
   Compiling windows-link v0.1.3
   Compiling windows-targets v0.52.6
   Compiling synstructure v0.13.2
   Compiling darling_core v0.23.0
   Compiling serde_derive_internals v0.29.1
   Compiling windows-sys v0.59.0
   Compiling windows-result v0.3.4
   Compiling windows-strings v0.4.2
   Compiling toml_datetime v0.7.5+spec-1.1.0
   Compiling regex v1.12.4
   Compiling option-ext v0.2.0
   Compiling heck v0.5.0
   Compiling winnow v0.7.15
   Compiling vswhom v0.1.0
   Compiling dirs-sys v0.5.0
   Compiling mio v1.2.1
   Compiling socket2 v0.6.4
   Compiling pkg-config v0.3.33
   Compiling typenum v1.20.1
   Compiling dirs v6.0.0
   Compiling time-macros v0.2.29
   Compiling zerofrom-derive v0.1.7
   Compiling yoke-derive v0.8.2
   Compiling zerovec-derive v0.11.3
   Compiling displaydoc v0.2.6
   Compiling phf_macros v0.13.1
   Compiling thiserror-impl v2.0.18
   Compiling thiserror-impl v1.0.69
   Compiling derive_more-impl v2.1.1
   Compiling cssparser-macros v0.6.1
   Compiling jsonptr v0.6.3
   Compiling cargo-platform v0.1.9
   Compiling schemars_derive v0.8.22
   Compiling plist v1.9.0
   Compiling windows-implement v0.60.2
   Compiling windows-interface v0.59.3
   Compiling winreg v0.55.0
   Compiling toml v0.9.12+spec-1.1.0
   Compiling tokio v1.53.1
   Compiling phf v0.13.1
   Compiling embed-resource v3.0.9
   Compiling zerofrom v0.1.8
   Compiling derive_more v2.1.1
   Compiling cssparser v0.36.0
   Compiling yoke v0.8.3
   Compiling tauri-winres v0.3.6
   Compiling cargo_metadata v0.19.2
   Compiling darling_macro v0.23.0
   Compiling zerovec v0.11.6
   Compiling zerotrie v0.2.4
   Compiling windows-core v0.61.2
   Compiling json-patch v3.0.1
   Compiling cargo_toml v0.22.3
   Compiling rand_core v0.10.1
   Compiling darling v0.23.0
   Compiling markup5ever v0.38.0
   Compiling tinystr v0.8.3
   Compiling potential_utf v0.1.5
   Compiling serde_with_macros v3.21.0
   Compiling icu_collections v2.2.0
   Compiling icu_locale_core v2.2.0
   Compiling html5ever v0.38.0
   Compiling tracing-attributes v0.1.31
   Compiling windows-threading v0.1.0
   Compiling tracing-core v0.1.36
   Compiling windows-future v0.2.1
   Compiling icu_provider v2.2.0
   Compiling dom_query v0.27.0
   Compiling serde_with v3.21.0
   Compiling icu_normalizer v2.2.0
   Compiling icu_properties v2.2.0
   Compiling windows-numerics v0.2.0
   Compiling tracing v0.1.44
   Compiling windows-collections v0.2.0
   Compiling idna_adapter v1.2.2
   Compiling raw-window-handle v0.6.2
   Compiling idna v1.1.0
   Compiling futures-core v0.3.33
   Compiling url v2.5.8
   Compiling simd-adler32 v0.3.9
   Compiling windows v0.61.3
   Compiling webview2-com-sys v0.38.2
   Compiling adler2 v2.0.1
   Compiling paste v1.0.15
   Compiling crossbeam-utils v0.8.21
   Compiling urlpattern v0.3.0
   Compiling miniz_oxide v0.8.9
   Compiling dpi v0.1.2
   Compiling specta v2.0.0-rc.25
   Compiling cookie v0.18.1
   Compiling subtle v2.6.1
   Compiling Inflector v0.11.4
   Compiling futures-sink v0.3.33
   Compiling flate2 v1.1.9
   Compiling specta-macros v2.0.0-rc.25
   Compiling block-buffer v0.10.4
   Compiling crypto-common v0.1.7
   Compiling fdeflate v0.3.7
   Compiling webview2-com-macros v0.8.1
   Compiling zeroize_derive v1.5.0
   Compiling tauri-utils v2.9.3
   Compiling windows-version v0.1.7
   Compiling bitflags v1.3.2
   Compiling unicode-segmentation v1.13.3
   Compiling png v0.17.16
   Compiling zeroize v1.9.0
   Compiling crossbeam-channel v0.5.15
   Compiling digest v0.10.7
   Compiling windows-strings v0.5.1
   Compiling windows-result v0.4.1
   Compiling tauri-runtime v2.11.3
   Compiling cpufeatures v0.2.17
   Compiling wry v0.55.1
   Compiling slab v0.4.12
   Compiling sha2 v0.10.9
   Compiling ico v0.5.0
   Compiling futures-channel v0.3.33
   Compiling ring v0.17.14
   Compiling getrandom v0.2.17
   Compiling tauri-runtime-wry v2.11.4
   Compiling keyboard-types v0.7.0
   Compiling softbuffer v0.4.8
   Compiling futures-macro v0.3.33
   Compiling serialize-to-javascript-impl v0.1.2
   Compiling serde_repr v0.1.20
   Compiling mime v0.3.17
   Compiling futures-task v0.3.33
   Compiling futures-io v0.3.33
   Compiling untrusted v0.9.0
   Compiling windows_x86_64_msvc v0.53.1
   Compiling rustls-pki-types v1.14.1
   Compiling serialize-to-javascript v0.1.2
   Compiling window-vibrancy v0.6.0
   Compiling muda v0.19.2
   Compiling tokio-util v0.7.18
   Compiling http-body v1.0.1
   Compiling httparse v1.10.1
   Compiling rustls v0.23.43
   Compiling futures-util v0.3.33
   Compiling zstd-sys v2.0.16+zstd.1.5.7
   Compiling try-lock v0.2.5
   Compiling tower-service v0.3.3
   Compiling atomic-waker v1.1.2
   Compiling winapi v0.3.9
   Compiling want v0.3.1
   Compiling windows-targets v0.53.5
   Compiling windows-core v0.62.2
   Compiling hybrid-array v0.4.13
   Compiling h2 v0.4.14
   Compiling compression-core v0.4.32
   Compiling windows-sys v0.60.2
   Compiling compression-codecs v0.4.38
   Compiling windows-registry v0.6.1
   Compiling sync_wrapper v1.0.2
   Compiling lzma-sys v0.1.20
   Compiling bzip2-sys v0.1.13+1.0.8
   Compiling zstd-safe v7.2.4
   Compiling ipnet v2.12.0
   Compiling tower-layer v0.3.3
   Compiling vcpkg v0.2.15
   Compiling crc-catalog v2.5.0
   Compiling crc v3.4.0
   Compiling tower v0.5.3
   Compiling block-buffer v0.12.1
   Compiling libsqlite3-sys v0.38.1
   Compiling crypto-common v0.2.2
   Compiling async-compression v0.4.42
   Compiling http-body-util v0.1.3
   Compiling inout v0.1.4
   Compiling cssparser-macros v0.7.0
   Compiling unrar_sys v0.5.8
   Compiling num-traits v0.2.19
   Compiling selectors v0.38.0
   Compiling windows-threading v0.2.1
   Compiling filetime v0.2.29
   Compiling cpufeatures v0.3.0
   Compiling ryu v1.0.23
   Compiling const-oid v0.10.2
   Compiling ntapi v0.4.3
   Compiling rfd v0.16.0
   Compiling cssparser v0.37.0
   Compiling digest v0.11.3
   Compiling serde_urlencoded v0.7.1
   Compiling windows-future v0.3.2
   Compiling hyper v1.10.1
   Compiling tower-http v0.6.11
   Compiling cipher v0.4.4
   Compiling markup5ever v0.39.0
   Compiling windows-collections v0.3.2
   Compiling windows-numerics v0.3.1
   Compiling rustls-webpki v0.103.13
   Compiling hmac v0.12.1
   Compiling windows-sys v0.52.0
   Compiling windows-registry v0.5.3
   Compiling keyring-core v1.0.0
   Compiling hyper-util v0.1.20
   Compiling encoding_rs v0.8.35
   Compiling bumpalo v3.20.3
   Compiling bit-vec v0.7.0
   Compiling zip v2.4.2
   Compiling unicode-width v0.2.2
   Compiling tempfile v3.27.0
   Compiling bit-set v0.6.0
   Compiling getopts v0.2.24
   Compiling zopfli v0.8.3
   Compiling bzip2 v0.5.2
   Compiling filetime_creation v0.2.0
   Compiling windows-native-keyring-store v1.1.0
   Compiling pbkdf2 v0.12.2
   Compiling windows v0.62.2
   Compiling html5ever v0.39.0
   Compiling aes v0.8.4
   Compiling tokio-rustls v0.26.4
   Compiling rustls-platform-verifier v0.7.0
   Compiling chacha20 v0.10.1
   Compiling futures-executor v0.3.33
   Compiling lzma-rs v0.3.0
   Compiling sha1 v0.10.6
   Compiling specta-serde v0.0.12
   Compiling zstd v0.13.3
   Compiling specta-typescript v0.0.12
   Compiling specta-util v0.0.12
   Compiling zip v4.6.1
   Compiling uuid v0.8.2
   Compiling nt-time v0.8.1
   Compiling tauri-specta-macros v2.0.0-rc.25
   Compiling lzma-rust v0.1.7
   Compiling hashlink v0.12.1
   Compiling fern v0.7.1
   Compiling fallible-streaming-iterator v0.1.9
   Compiling deflate64 v0.1.12
   Compiling minisign-verify v0.2.5
   Compiling ego-tree v0.11.0
   Compiling fallible-iterator v0.3.0
   Compiling constant_time_eq v0.3.1
   Compiling widestring v1.2.1
   Compiling scraper v0.27.0
   Compiling discord-rich-presence v1.1.0
   Compiling rusqlite v0.40.1
   Compiling hyper-rustls v0.27.9
   Compiling sevenz-rust v0.6.1
   Compiling futures v0.3.33
   Compiling rand v0.10.2
   Compiling chrono v0.4.45
   Compiling keyring v4.1.5
   Compiling md-5 v0.11.0
   Compiling sha2 v0.11.0
   Compiling tar v0.4.46
   Compiling base64 v0.23.0
   Compiling hex v0.4.3
   Compiling tao v0.35.3
   Compiling sysinfo v0.39.6
   Compiling xz2 v0.1.7
   Compiling webview2-com v0.38.2
   Compiling reqwest v0.13.4
   Compiling unrar v0.5.8
   Compiling tauri-build v2.6.3
   Compiling tauri-plugin v2.6.2
   Compiling tauri-codegen v2.6.3
   Compiling tauri-plugin-fs v2.5.1
   Compiling tauri-plugin-deep-link v2.4.9
   Compiling tauri-plugin-dialog v2.7.2
   Compiling tauri-plugin-updater v2.10.1
   Compiling tauri-plugin-log v2.9.0
   Compiling tauri v2.11.5
   Compiling modrex v0.13.0 (E:\GitHub\modrex-purple\apps\desktop\src-tauri)
   Compiling tauri-macros v2.6.3
